  Determining projects to restore...
c:\SR3H_MACRO\MacroApp.csproj : warning NU1701: Package 'GlobalHotKey 1.1.0' was restored using '.NETFramework,Version=v4.6.1, .NETFramework,Version=v4.6.2, .NETFramework,Version=v4.7, .NETFramework,Version=v4.7.1, .NETFramework,Version=v4.7.2, .NETFramework,Version=v4.8, .NETFramework,Version=v4.8.1' instead of the project target framework 'net9.0-windows7.0'. This package may not be fully compatible with your project. [c:\SR3H_MACRO\MACRO_SR3H.sln]
c:\SR3H_MACRO\MacroApp.csproj : warning NU1701: Package 'System.Windows.Forms 4.0.0' was restored using '.NETFramework,Version=v4.6.1, .NETFramework,Version=v4.6.2, .NETFramework,Version=v4.7, .NETFramework,Version=v4.7.1, .NETFramework,Version=v4.7.2, .NETFramework,Version=v4.8, .NETFramework,Version=v4.8.1' instead of the project target framework 'net9.0-windows7.0'. This package may not be fully compatible with your project. [c:\SR3H_MACRO\MACRO_SR3H.sln]
  All projects are up-to-date for restore.
c:\SR3H_MACRO\MacroApp.csproj : warning NU1701: Package 'GlobalHotKey 1.1.0' was restored using '.NETFramework,Version=v4.6.1, .NETFramework,Version=v4.6.2, .NETFramework,Version=v4.7, .NETFramework,Version=v4.7.1, .NETFramework,Version=v4.7.2, .NETFramework,Version=v4.8, .NETFramework,Version=v4.8.1' instead of the project target framework 'net9.0-windows7.0'. This package may not be fully compatible with your project.
c:\SR3H_MACRO\MacroApp.csproj : warning NU1701: Package 'System.Windows.Forms 4.0.0' was restored using '.NETFramework,Version=v4.6.1, .NETFramework,Version=v4.6.2, .NETFramework,Version=v4.7, .NETFramework,Version=v4.7.1, .NETFramework,Version=v4.7.2, .NETFramework,Version=v4.8, .NETFramework,Version=v4.8.1' instead of the project target framework 'net9.0-windows7.0'. This package may not be fully compatible with your project.
c:\SR3H_MACRO\Tests\OtpRateLimitTester.cs(9,34): warning CS8892: Method 'OtpRateLimitTester.Main(string[])' will not be used as an entry point because a synchronous entry point 'App.Main()' was found. [c:\SR3H_MACRO\MacroApp.csproj]
c:\SR3H_MACRO\Views\LicenseSettingsWindow.xaml.cs(114,70): error CS0103: The name 'MacroFortActivationType' does not exist in the current context [c:\SR3H_MACRO\MacroApp.csproj]
c:\SR3H_MACRO\Services\MacroFortActivationService.cs(58,20): error CS0103: The name 'SafeHardwareIdService' does not exist in the current context [c:\SR3H_MACRO\MacroApp.csproj]
c:\SR3H_MACRO\Services\MacroFortActivationService.cs(63,20): error CS0103: The name 'SafeHardwareIdService' does not exist in the current context [c:\SR3H_MACRO\MacroApp.csproj]
c:\SR3H_MACRO\Services\MacroFortActivationService.cs(78,37): error CS0103: The name 'SafeHardwareIdService' does not exist in the current context [c:\SR3H_MACRO\MacroApp.csproj]
c:\SR3H_MACRO\Services\MacroFortActivationService.cs(124,25): error CS0103: The name 'SessionActivationCache' does not exist in the current context [c:\SR3H_MACRO\MacroApp.csproj]
c:\SR3H_MACRO\Services\MacroFortActivationService.cs(125,25): error CS0103: The name 'SessionActivationCache' does not exist in the current context [c:\SR3H_MACRO\MacroApp.csproj]
c:\SR3H_MACRO\Services\MacroFortActivationService.cs(135,25): error CS0103: The name 'SessionActivationCache' does not exist in the current context [c:\SR3H_MACRO\MacroApp.csproj]
c:\SR3H_MACRO\Services\MacroFortActivationService.cs(149,21): error CS0103: The name 'SessionActivationCache' does not exist in the current context [c:\SR3H_MACRO\MacroApp.csproj]
c:\SR3H_MACRO\Services\MacroFortActivationService.cs(162,17): error CS0103: The name 'SessionActivationCache' does not exist in the current context [c:\SR3H_MACRO\MacroApp.csproj]
c:\SR3H_MACRO\Services\MacroFortActivationService.cs(193,34): warning SYSLIB0023: 'RNGCryptoServiceProvider' is obsolete: 'RNGCryptoServiceProvider is obsolete. To generate a random number, use one of the RandomNumberGenerator static methods instead.' (https://aka.ms/dotnet-warnings/SYSLIB0023) [c:\SR3H_MACRO\MacroApp.csproj]
c:\SR3H_MACRO\Views\MainWindow.xaml.cs(781,28): warning CS1998: This async method lacks 'await' operators and will run synchronously. Consider using the 'await' operator to await non-blocking API calls, or 'await Task.Run(...)' to do CPU-bound work on a background thread. [c:\SR3H_MACRO\MacroApp.csproj]
c:\SR3H_MACRO\Views\MainWindow.xaml.cs(792,28): warning CS1998: This async method lacks 'await' operators and will run synchronously. Consider using the 'await' operator to await non-blocking API calls, or 'await Task.Run(...)' to do CPU-bound work on a background thread. [c:\SR3H_MACRO\MacroApp.csproj]
c:\SR3H_MACRO\Views\MainWindow.xaml.cs(803,28): warning CS1998: This async method lacks 'await' operators and will run synchronously. Consider using the 'await' operator to await non-blocking API calls, or 'await Task.Run(...)' to do CPU-bound work on a background thread. [c:\SR3H_MACRO\MacroApp.csproj]
c:\SR3H_MACRO\Services\MacroFortActivationService.cs(230,17): warning CS0162: Unreachable code detected [c:\SR3H_MACRO\MacroApp.csproj]
c:\SR3H_MACRO\Views\LicenseWindow.xaml.cs(588,27): warning SYSLIB0023: 'RNGCryptoServiceProvider' is obsolete: 'RNGCryptoServiceProvider is obsolete. To generate a random number, use one of the RandomNumberGenerator static methods instead.' (https://aka.ms/dotnet-warnings/SYSLIB0023) [c:\SR3H_MACRO\MacroApp.csproj]
c:\SR3H_MACRO\Views\MainWindow.xaml.cs(814,28): warning CS1998: This async method lacks 'await' operators and will run synchronously. Consider using the 'await' operator to await non-blocking API calls, or 'await Task.Run(...)' to do CPU-bound work on a background thread. [c:\SR3H_MACRO\MacroApp.csproj]
c:\SR3H_MACRO\Views\MainWindow.xaml.cs(825,28): warning CS1998: This async method lacks 'await' operators and will run synchronously. Consider using the 'await' operator to await non-blocking API calls, or 'await Task.Run(...)' to do CPU-bound work on a background thread. [c:\SR3H_MACRO\MacroApp.csproj]
c:\SR3H_MACRO\Services\MacroExecutionService.cs(472,27): warning CS1998: This async method lacks 'await' operators and will run synchronously. Consider using the 'await' operator to await non-blocking API calls, or 'await Task.Run(...)' to do CPU-bound work on a background thread. [c:\SR3H_MACRO\MacroApp.csproj]
c:\SR3H_MACRO\Services\EnhancedMacroService.cs(624,33): warning CS1998: This async method lacks 'await' operators and will run synchronously. Consider using the 'await' operator to await non-blocking API calls, or 'await Task.Run(...)' to do CPU-bound work on a background thread. [c:\SR3H_MACRO\MacroApp.csproj]
c:\SR3H_MACRO\Services\MacroFortActivationService.cs(861,64): error CS0023: Operator '.' cannot be applied to operand of type '<null>' [c:\SR3H_MACRO\MacroApp.csproj]
c:\SR3H_MACRO\Services\MacroFortActivationService.cs(862,81): error CS0023: Operator '.' cannot be applied to operand of type '<null>' [c:\SR3H_MACRO\MacroApp.csproj]
c:\SR3H_MACRO\Services\MacroFortActivationService.cs(869,34): error CS0023: Operator '.' cannot be applied to operand of type '<null>' [c:\SR3H_MACRO\MacroApp.csproj]
c:\SR3H_MACRO\Services\MacroFortActivationService.cs(850,17): warning CS0162: Unreachable code detected [c:\SR3H_MACRO\MacroApp.csproj]
c:\SR3H_MACRO\Services\MacroFortActivationService.cs(920,64): error CS0023: Operator '.' cannot be applied to operand of type '<null>' [c:\SR3H_MACRO\MacroApp.csproj]
c:\SR3H_MACRO\Services\MacroFortActivationService.cs(921,81): error CS0023: Operator '.' cannot be applied to operand of type '<null>' [c:\SR3H_MACRO\MacroApp.csproj]
c:\SR3H_MACRO\Services\MacroFortActivationService.cs(927,34): error CS0023: Operator '.' cannot be applied to operand of type '<null>' [c:\SR3H_MACRO\MacroApp.csproj]
c:\SR3H_MACRO\Services\MacroFortActivationService.cs(898,17): warning CS0162: Unreachable code detected [c:\SR3H_MACRO\MacroApp.csproj]
c:\SR3H_MACRO\Services\MacroFortActivationService.cs(964,64): error CS0023: Operator '.' cannot be applied to operand of type '<null>' [c:\SR3H_MACRO\MacroApp.csproj]
c:\SR3H_MACRO\Services\MacroFortActivationService.cs(965,81): error CS0023: Operator '.' cannot be applied to operand of type '<null>' [c:\SR3H_MACRO\MacroApp.csproj]
c:\SR3H_MACRO\Services\MacroFortActivationService.cs(988,34): error CS0023: Operator '.' cannot be applied to operand of type '<null>' [c:\SR3H_MACRO\MacroApp.csproj]
c:\SR3H_MACRO\Services\MacroFortActivationService.cs(960,17): warning CS0162: Unreachable code detected [c:\SR3H_MACRO\MacroApp.csproj]
c:\SR3H_MACRO\Services\MacroFortActivationService.cs(1029,64): error CS0023: Operator '.' cannot be applied to operand of type '<null>' [c:\SR3H_MACRO\MacroApp.csproj]
c:\SR3H_MACRO\Services\MacroFortActivationService.cs(1030,81): error CS0023: Operator '.' cannot be applied to operand of type '<null>' [c:\SR3H_MACRO\MacroApp.csproj]
c:\SR3H_MACRO\Services\MacroFortActivationService.cs(1035,34): error CS0023: Operator '.' cannot be applied to operand of type '<null>' [c:\SR3H_MACRO\MacroApp.csproj]
c:\SR3H_MACRO\Services\MacroFortActivationService.cs(1021,17): warning CS0162: Unreachable code detected [c:\SR3H_MACRO\MacroApp.csproj]
c:\SR3H_MACRO\Services\MacroFortActivationService.cs(1057,64): error CS0023: Operator '.' cannot be applied to operand of type '<null>' [c:\SR3H_MACRO\MacroApp.csproj]
c:\SR3H_MACRO\Services\MacroFortActivationService.cs(1058,81): error CS0023: Operator '.' cannot be applied to operand of type '<null>' [c:\SR3H_MACRO\MacroApp.csproj]
c:\SR3H_MACRO\Services\MacroFortActivationService.cs(1066,39): error CS0023: Operator '.' cannot be applied to operand of type '<null>' [c:\SR3H_MACRO\MacroApp.csproj]
c:\SR3H_MACRO\Services\MacroFortActivationService.cs(1055,17): warning CS0162: Unreachable code detected [c:\SR3H_MACRO\MacroApp.csproj]
c:\SR3H_MACRO\Services\MacroFortActivationService.cs(1130,30): error CS0023: Operator '.' cannot be applied to operand of type '<null>' [c:\SR3H_MACRO\MacroApp.csproj]
c:\SR3H_MACRO\Services\MacroFortActivationService.cs(1125,17): warning CS0162: Unreachable code detected [c:\SR3H_MACRO\MacroApp.csproj]
c:\SR3H_MACRO\Services\MacroFortActivationService.cs(1180,65): error CS0023: Operator '.' cannot be applied to operand of type '<null>' [c:\SR3H_MACRO\MacroApp.csproj]
c:\SR3H_MACRO\Services\MacroFortActivationService.cs(1181,82): error CS0023: Operator '.' cannot be applied to operand of type '<null>' [c:\SR3H_MACRO\MacroApp.csproj]
c:\SR3H_MACRO\Services\MacroFortActivationService.cs(1229,64): error CS0023: Operator '.' cannot be applied to operand of type '<null>' [c:\SR3H_MACRO\MacroApp.csproj]
c:\SR3H_MACRO\Services\MacroFortActivationService.cs(1230,81): error CS0023: Operator '.' cannot be applied to operand of type '<null>' [c:\SR3H_MACRO\MacroApp.csproj]
c:\SR3H_MACRO\Services\MacroFortActivationService.cs(1244,34): error CS0023: Operator '.' cannot be applied to operand of type '<null>' [c:\SR3H_MACRO\MacroApp.csproj]
c:\SR3H_MACRO\Services\MacroFortActivationService.cs(1227,17): warning CS0162: Unreachable code detected [c:\SR3H_MACRO\MacroApp.csproj]
c:\SR3H_MACRO\Services\MacroFortActivationService.cs(1266,64): error CS0023: Operator '.' cannot be applied to operand of type '<null>' [c:\SR3H_MACRO\MacroApp.csproj]
c:\SR3H_MACRO\Services\MacroFortActivationService.cs(1267,81): error CS0023: Operator '.' cannot be applied to operand of type '<null>' [c:\SR3H_MACRO\MacroApp.csproj]
c:\SR3H_MACRO\Services\MacroFortActivationService.cs(1278,34): error CS0023: Operator '.' cannot be applied to operand of type '<null>' [c:\SR3H_MACRO\MacroApp.csproj]
c:\SR3H_MACRO\Services\MacroFortActivationService.cs(1264,17): warning CS0162: Unreachable code detected [c:\SR3H_MACRO\MacroApp.csproj]
c:\SR3H_MACRO\Services\MacroFortActivationService.cs(1300,64): error CS0023: Operator '.' cannot be applied to operand of type '<null>' [c:\SR3H_MACRO\MacroApp.csproj]
c:\SR3H_MACRO\Services\MacroFortActivationService.cs(1301,81): error CS0023: Operator '.' cannot be applied to operand of type '<null>' [c:\SR3H_MACRO\MacroApp.csproj]
c:\SR3H_MACRO\Services\MacroFortActivationService.cs(1309,34): error CS0023: Operator '.' cannot be applied to operand of type '<null>' [c:\SR3H_MACRO\MacroApp.csproj]
c:\SR3H_MACRO\Services\MacroFortActivationService.cs(1298,17): warning CS0162: Unreachable code detected [c:\SR3H_MACRO\MacroApp.csproj]
c:\SR3H_MACRO\Services\MacroFortActivationService.cs(1424,64): error CS0023: Operator '.' cannot be applied to operand of type '<null>' [c:\SR3H_MACRO\MacroApp.csproj]
c:\SR3H_MACRO\Services\MacroFortActivationService.cs(1425,81): error CS0023: Operator '.' cannot be applied to operand of type '<null>' [c:\SR3H_MACRO\MacroApp.csproj]
c:\SR3H_MACRO\Services\MacroFortActivationService.cs(1430,34): error CS0023: Operator '.' cannot be applied to operand of type '<null>' [c:\SR3H_MACRO\MacroApp.csproj]
c:\SR3H_MACRO\Services\MacroFortActivationService.cs(1413,17): warning CS0162: Unreachable code detected [c:\SR3H_MACRO\MacroApp.csproj]
c:\SR3H_MACRO\Services\MacroFortActivationService.cs(1460,64): error CS0023: Operator '.' cannot be applied to operand of type '<null>' [c:\SR3H_MACRO\MacroApp.csproj]
c:\SR3H_MACRO\Services\MacroFortActivationService.cs(1461,81): error CS0023: Operator '.' cannot be applied to operand of type '<null>' [c:\SR3H_MACRO\MacroApp.csproj]
c:\SR3H_MACRO\Services\MacroFortActivationService.cs(1467,34): error CS0023: Operator '.' cannot be applied to operand of type '<null>' [c:\SR3H_MACRO\MacroApp.csproj]
c:\SR3H_MACRO\Services\MacroFortActivationService.cs(1449,17): warning CS0162: Unreachable code detected [c:\SR3H_MACRO\MacroApp.csproj]
c:\SR3H_MACRO\Services\MacroFortActivationService.cs(1501,34): error CS0023: Operator '.' cannot be applied to operand of type '<null>' [c:\SR3H_MACRO\MacroApp.csproj]
c:\SR3H_MACRO\Services\MacroFortActivationService.cs(1486,17): warning CS0162: Unreachable code detected [c:\SR3H_MACRO\MacroApp.csproj]
c:\SR3H_MACRO\Services\MacroFortActivationService.cs(1745,64): error CS0023: Operator '.' cannot be applied to operand of type '<null>' [c:\SR3H_MACRO\MacroApp.csproj]
c:\SR3H_MACRO\Services\MacroFortActivationService.cs(1746,81): error CS0023: Operator '.' cannot be applied to operand of type '<null>' [c:\SR3H_MACRO\MacroApp.csproj]
c:\SR3H_MACRO\Services\MacroFortActivationService.cs(1749,34): error CS0023: Operator '.' cannot be applied to operand of type '<null>' [c:\SR3H_MACRO\MacroApp.csproj]
c:\SR3H_MACRO\Services\MacroFortActivationService.cs(1743,17): warning CS0162: Unreachable code detected [c:\SR3H_MACRO\MacroApp.csproj]
c:\SR3H_MACRO\Services\MacroFortActivationService.cs(1835,64): error CS0023: Operator '.' cannot be applied to operand of type '<null>' [c:\SR3H_MACRO\MacroApp.csproj]
c:\SR3H_MACRO\Services\MacroFortActivationService.cs(1836,81): error CS0023: Operator '.' cannot be applied to operand of type '<null>' [c:\SR3H_MACRO\MacroApp.csproj]
c:\SR3H_MACRO\Services\MacroFortActivationService.cs(1839,34): error CS0023: Operator '.' cannot be applied to operand of type '<null>' [c:\SR3H_MACRO\MacroApp.csproj]
c:\SR3H_MACRO\Services\MacroFortActivationService.cs(1833,17): warning CS0162: Unreachable code detected [c:\SR3H_MACRO\MacroApp.csproj]
c:\SR3H_MACRO\Services\MacroFortActivationService.cs(1896,64): error CS0023: Operator '.' cannot be applied to operand of type '<null>' [c:\SR3H_MACRO\MacroApp.csproj]
c:\SR3H_MACRO\Services\MacroFortActivationService.cs(1897,81): error CS0023: Operator '.' cannot be applied to operand of type '<null>' [c:\SR3H_MACRO\MacroApp.csproj]
c:\SR3H_MACRO\Services\MacroFortActivationService.cs(1901,34): error CS0023: Operator '.' cannot be applied to operand of type '<null>' [c:\SR3H_MACRO\MacroApp.csproj]
c:\SR3H_MACRO\Services\MacroFortActivationService.cs(1883,17): warning CS0162: Unreachable code detected [c:\SR3H_MACRO\MacroApp.csproj]
c:\SR3H_MACRO\Services\MacroFortActivationService.cs(1944,64): error CS0023: Operator '.' cannot be applied to operand of type '<null>' [c:\SR3H_MACRO\MacroApp.csproj]
c:\SR3H_MACRO\Services\MacroFortActivationService.cs(1945,81): error CS0023: Operator '.' cannot be applied to operand of type '<null>' [c:\SR3H_MACRO\MacroApp.csproj]
c:\SR3H_MACRO\Services\MacroFortActivationService.cs(1951,34): error CS0023: Operator '.' cannot be applied to operand of type '<null>' [c:\SR3H_MACRO\MacroApp.csproj]
c:\SR3H_MACRO\Services\MacroFortActivationService.cs(1927,17): warning CS0162: Unreachable code detected [c:\SR3H_MACRO\MacroApp.csproj]
c:\SR3H_MACRO\App.xaml.cs(13,39): warning CS0169: The field 'App._authService' is never used [c:\SR3H_MACRO\MacroApp.csproj]
c:\SR3H_MACRO\Services\MacroFortActivationService.cs(40,27): warning CS0414: The field 'MacroFortActivationService._fortniteStoppedTime' is assigned but its value is never used [c:\SR3H_MACRO\MacroApp.csproj]
c:\SR3H_MACRO\Services\SafeHardwareIdService.cs(216,28): warning CA1416: This call site is reachable on all platforms. 'ManagementBaseObject.this[string]' is only supported on: 'windows'. (https://learn.microsoft.com/dotnet/fundamentals/code-analysis/quality-rules/ca1416) [c:\SR3H_MACRO\MacroApp.csproj]
c:\SR3H_MACRO\Services\SafeHardwareIdService.cs(213,31): warning CA1416: This call site is reachable on all platforms. 'ManagementObjectSearcher.Get()' is only supported on: 'windows'. (https://learn.microsoft.com/dotnet/fundamentals/code-analysis/quality-rules/ca1416) [c:\SR3H_MACRO\MacroApp.csproj]
c:\SR3H_MACRO\Services\SafeHardwareIdService.cs(234,31): warning CA1416: This call site is reachable on all platforms. 'ManagementObjectSearcher.Get()' is only supported on: 'windows'. (https://learn.microsoft.com/dotnet/fundamentals/code-analysis/quality-rules/ca1416) [c:\SR3H_MACRO\MacroApp.csproj]
c:\SR3H_MACRO\Services\SafeHardwareIdService.cs(212,32): warning CA1416: This call site is reachable on all platforms. 'ManagementObjectSearcher' is only supported on: 'windows'. (https://learn.microsoft.com/dotnet/fundamentals/code-analysis/quality-rules/ca1416) [c:\SR3H_MACRO\MacroApp.csproj]
c:\SR3H_MACRO\Services\SafeHardwareIdService.cs(233,32): warning CA1416: This call site is reachable on all platforms. 'ManagementObjectSearcher' is only supported on: 'windows'. (https://learn.microsoft.com/dotnet/fundamentals/code-analysis/quality-rules/ca1416) [c:\SR3H_MACRO\MacroApp.csproj]
c:\SR3H_MACRO\Services\SafeHardwareIdService.cs(237,34): warning CA1416: This call site is reachable on all platforms. 'ManagementBaseObject.this[string]' is only supported on: 'windows'. (https://learn.microsoft.com/dotnet/fundamentals/code-analysis/quality-rules/ca1416) [c:\SR3H_MACRO\MacroApp.csproj]
c:\SR3H_MACRO\Services\SafeHardwareIdService.cs(290,29): warning CA1416: This call site is reachable on all platforms. 'ManagementObject' is only supported on: 'windows'. (https://learn.microsoft.com/dotnet/fundamentals/code-analysis/quality-rules/ca1416) [c:\SR3H_MACRO\MacroApp.csproj]
c:\SR3H_MACRO\Services\SafeHardwareIdService.cs(294,34): warning CA1416: This call site is reachable on all platforms. 'ManagementBaseObject.this[string]' is only supported on: 'windows'. (https://learn.microsoft.com/dotnet/fundamentals/code-analysis/quality-rules/ca1416) [c:\SR3H_MACRO\MacroApp.csproj]
c:\SR3H_MACRO\Services\SafeHardwareIdService.cs(294,34): warning CA1416: This call site is reachable on all platforms. 'ManagementObject' is only supported on: 'windows'. (https://learn.microsoft.com/dotnet/fundamentals/code-analysis/quality-rules/ca1416) [c:\SR3H_MACRO\MacroApp.csproj]
c:\SR3H_MACRO\Services\SafeHardwareIdService.cs(290,29): warning CA1416: This call site is reachable on all platforms. 'ManagementObject' is only supported on: 'windows'. (https://learn.microsoft.com/dotnet/fundamentals/code-analysis/quality-rules/ca1416) [c:\SR3H_MACRO\MacroApp.csproj]
c:\SR3H_MACRO\Services\SafeHardwareIdService.cs(288,32): warning CA1416: This call site is reachable on all platforms. 'ManagementObjectSearcher' is only supported on: 'windows'. (https://learn.microsoft.com/dotnet/fundamentals/code-analysis/quality-rules/ca1416) [c:\SR3H_MACRO\MacroApp.csproj]
c:\SR3H_MACRO\Services\SafeHardwareIdService.cs(289,31): warning CA1416: This call site is reachable on all platforms. 'ManagementObjectSearcher.Get()' is only supported on: 'windows'. (https://learn.microsoft.com/dotnet/fundamentals/code-analysis/quality-rules/ca1416) [c:\SR3H_MACRO\MacroApp.csproj]
c:\SR3H_MACRO\Services\SafeHardwareIdService.cs(292,21): warning CA1416: This call site is reachable on all platforms. 'ManagementObject' is only supported on: 'windows'. (https://learn.microsoft.com/dotnet/fundamentals/code-analysis/quality-rules/ca1416) [c:\SR3H_MACRO\MacroApp.csproj]
c:\SR3H_MACRO\Services\SafeHardwareIdService.cs(316,31): warning CA1416: This call site is reachable on all platforms. 'ManagementObjectSearcher.Get()' is only supported on: 'windows'. (https://learn.microsoft.com/dotnet/fundamentals/code-analysis/quality-rules/ca1416) [c:\SR3H_MACRO\MacroApp.csproj]
c:\SR3H_MACRO\Services\SafeHardwareIdService.cs(315,32): warning CA1416: This call site is reachable on all platforms. 'ManagementObjectSearcher' is only supported on: 'windows'. (https://learn.microsoft.com/dotnet/fundamentals/code-analysis/quality-rules/ca1416) [c:\SR3H_MACRO\MacroApp.csproj]
c:\SR3H_MACRO\Services\SafeHardwareIdService.cs(319,28): warning CA1416: This call site is reachable on all platforms. 'ManagementBaseObject.this[string]' is only supported on: 'windows'. (https://learn.microsoft.com/dotnet/fundamentals/code-analysis/quality-rules/ca1416) [c:\SR3H_MACRO\MacroApp.csproj]
c:\SR3H_MACRO\Services\SafeHardwareIdService.cs(340,21): warning CA1416: This call site is reachable on all platforms. 'ManagementObject' is only supported on: 'windows'. (https://learn.microsoft.com/dotnet/fundamentals/code-analysis/quality-rules/ca1416) [c:\SR3H_MACRO\MacroApp.csproj]
c:\SR3H_MACRO\Services\SafeHardwareIdService.cs(338,34): warning CA1416: This call site is reachable on all platforms. 'ManagementObject' is only supported on: 'windows'. (https://learn.microsoft.com/dotnet/fundamentals/code-analysis/quality-rules/ca1416) [c:\SR3H_MACRO\MacroApp.csproj]
c:\SR3H_MACRO\Services\SafeHardwareIdService.cs(337,31): warning CA1416: This call site is reachable on all platforms. 'ManagementObjectSearcher.Get()' is only supported on: 'windows'. (https://learn.microsoft.com/dotnet/fundamentals/code-analysis/quality-rules/ca1416) [c:\SR3H_MACRO\MacroApp.csproj]
c:\SR3H_MACRO\Services\SafeHardwareIdService.cs(336,32): warning CA1416: This call site is reachable on all platforms. 'ManagementObjectSearcher' is only supported on: 'windows'. (https://learn.microsoft.com/dotnet/fundamentals/code-analysis/quality-rules/ca1416) [c:\SR3H_MACRO\MacroApp.csproj]
c:\SR3H_MACRO\Services\SafeHardwareIdService.cs(338,34): warning CA1416: This call site is reachable on all platforms. 'ManagementObject' is only supported on: 'windows'. (https://learn.microsoft.com/dotnet/fundamentals/code-analysis/quality-rules/ca1416) [c:\SR3H_MACRO\MacroApp.csproj]
c:\SR3H_MACRO\Services\SafeHardwareIdService.cs(342,28): warning CA1416: This call site is reachable on all platforms. 'ManagementBaseObject.this[string]' is only supported on: 'windows'. (https://learn.microsoft.com/dotnet/fundamentals/code-analysis/quality-rules/ca1416) [c:\SR3H_MACRO\MacroApp.csproj]
c:\SR3H_MACRO\Services\SafeHardwareIdService.cs(342,28): warning CA1416: This call site is reachable on all platforms. 'ManagementObject' is only supported on: 'windows'. (https://learn.microsoft.com/dotnet/fundamentals/code-analysis/quality-rules/ca1416) [c:\SR3H_MACRO\MacroApp.csproj]
c:\SR3H_MACRO\Services\SafeHardwareIdService.cs(377,34): warning CA1416: This call site is reachable on all platforms. 'Registry.LocalMachine' is only supported on: 'windows'. (https://learn.microsoft.com/dotnet/fundamentals/code-analysis/quality-rules/ca1416) [c:\SR3H_MACRO\MacroApp.csproj]
c:\SR3H_MACRO\Services\SafeHardwareIdService.cs(377,34): warning CA1416: This call site is reachable on all platforms. 'RegistryKey.OpenSubKey(string)' is only supported on: 'windows'. (https://learn.microsoft.com/dotnet/fundamentals/code-analysis/quality-rules/ca1416) [c:\SR3H_MACRO\MacroApp.csproj]
c:\SR3H_MACRO\Services\SafeHardwareIdService.cs(379,32): warning CA1416: This call site is reachable on all platforms. 'RegistryKey.GetValue(string?)' is only supported on: 'windows'. (https://learn.microsoft.com/dotnet/fundamentals/code-analysis/quality-rules/ca1416) [c:\SR3H_MACRO\MacroApp.csproj]
c:\SR3H_MACRO\Services\SafeHardwareIdService.cs(359,34): warning CA1416: This call site is reachable on all platforms. 'Registry.LocalMachine' is only supported on: 'windows'. (https://learn.microsoft.com/dotnet/fundamentals/code-analysis/quality-rules/ca1416) [c:\SR3H_MACRO\MacroApp.csproj]
c:\SR3H_MACRO\Services\SafeHardwareIdService.cs(359,34): warning CA1416: This call site is reachable on all platforms. 'RegistryKey.OpenSubKey(string)' is only supported on: 'windows'. (https://learn.microsoft.com/dotnet/fundamentals/code-analysis/quality-rules/ca1416) [c:\SR3H_MACRO\MacroApp.csproj]
c:\SR3H_MACRO\Services\SafeHardwareIdService.cs(361,32): warning CA1416: This call site is reachable on all platforms. 'RegistryKey.GetValue(string?)' is only supported on: 'windows'. (https://learn.microsoft.com/dotnet/fundamentals/code-analysis/quality-rules/ca1416) [c:\SR3H_MACRO\MacroApp.csproj]
c:\SR3H_MACRO\App.xaml.cs(344,38): warning CA1416: This call site is reachable on all platforms. 'SystemIcons.Application' is only supported on: 'windows' 6.1 and later. (https://learn.microsoft.com/dotnet/fundamentals/code-analysis/quality-rules/ca1416) [c:\SR3H_MACRO\MacroApp.csproj]
c:\SR3H_MACRO\App.xaml.cs(340,38): warning CA1416: This call site is reachable on all platforms. 'Icon' is only supported on: 'windows' 6.1 and later. (https://learn.microsoft.com/dotnet/fundamentals/code-analysis/quality-rules/ca1416) [c:\SR3H_MACRO\MacroApp.csproj]
c:\SR3H_MACRO\Services\AuthenticationService.cs(306,82): warning CA1416: This call site is reachable on all platforms. 'DataProtectionScope.CurrentUser' is only supported on: 'windows'. (https://learn.microsoft.com/dotnet/fundamentals/code-analysis/quality-rules/ca1416) [c:\SR3H_MACRO\MacroApp.csproj]
c:\SR3H_MACRO\Services\AuthenticationService.cs(306,37): warning CA1416: This call site is reachable on all platforms. 'ProtectedData.Unprotect(byte[], byte[]?, DataProtectionScope)' is only supported on: 'windows'. (https://learn.microsoft.com/dotnet/fundamentals/code-analysis/quality-rules/ca1416) [c:\SR3H_MACRO\MacroApp.csproj]
c:\SR3H_MACRO\Services\AuthenticationService.cs(325,71): warning CA1416: This call site is reachable on all platforms. 'DataProtectionScope.CurrentUser' is only supported on: 'windows'. (https://learn.microsoft.com/dotnet/fundamentals/code-analysis/quality-rules/ca1416) [c:\SR3H_MACRO\MacroApp.csproj]
c:\SR3H_MACRO\Services\AuthenticationService.cs(325,37): warning CA1416: This call site is reachable on all platforms. 'ProtectedData.Protect(byte[], byte[]?, DataProtectionScope)' is only supported on: 'windows'. (https://learn.microsoft.com/dotnet/fundamentals/code-analysis/quality-rules/ca1416) [c:\SR3H_MACRO\MacroApp.csproj]

Build FAILED.

c:\SR3H_MACRO\MacroApp.csproj : warning NU1701: Package 'GlobalHotKey 1.1.0' was restored using '.NETFramework,Version=v4.6.1, .NETFramework,Version=v4.6.2, .NETFramework,Version=v4.7, .NETFramework,Version=v4.7.1, .NETFramework,Version=v4.7.2, .NETFramework,Version=v4.8, .NETFramework,Version=v4.8.1' instead of the project target framework 'net9.0-windows7.0'. This package may not be fully compatible with your project. [c:\SR3H_MACRO\MACRO_SR3H.sln]
c:\SR3H_MACRO\MacroApp.csproj : warning NU1701: Package 'System.Windows.Forms 4.0.0' was restored using '.NETFramework,Version=v4.6.1, .NETFramework,Version=v4.6.2, .NETFramework,Version=v4.7, .NETFramework,Version=v4.7.1, .NETFramework,Version=v4.7.2, .NETFramework,Version=v4.8, .NETFramework,Version=v4.8.1' instead of the project target framework 'net9.0-windows7.0'. This package may not be fully compatible with your project. [c:\SR3H_MACRO\MACRO_SR3H.sln]
c:\SR3H_MACRO\MacroApp.csproj : warning NU1701: Package 'GlobalHotKey 1.1.0' was restored using '.NETFramework,Version=v4.6.1, .NETFramework,Version=v4.6.2, .NETFramework,Version=v4.7, .NETFramework,Version=v4.7.1, .NETFramework,Version=v4.7.2, .NETFramework,Version=v4.8, .NETFramework,Version=v4.8.1' instead of the project target framework 'net9.0-windows7.0'. This package may not be fully compatible with your project.
c:\SR3H_MACRO\MacroApp.csproj : warning NU1701: Package 'System.Windows.Forms 4.0.0' was restored using '.NETFramework,Version=v4.6.1, .NETFramework,Version=v4.6.2, .NETFramework,Version=v4.7, .NETFramework,Version=v4.7.1, .NETFramework,Version=v4.7.2, .NETFramework,Version=v4.8, .NETFramework,Version=v4.8.1' instead of the project target framework 'net9.0-windows7.0'. This package may not be fully compatible with your project.
c:\SR3H_MACRO\Tests\OtpRateLimitTester.cs(9,34): warning CS8892: Method 'OtpRateLimitTester.Main(string[])' will not be used as an entry point because a synchronous entry point 'App.Main()' was found. [c:\SR3H_MACRO\MacroApp.csproj]
c:\SR3H_MACRO\Services\MacroFortActivationService.cs(193,34): warning SYSLIB0023: 'RNGCryptoServiceProvider' is obsolete: 'RNGCryptoServiceProvider is obsolete. To generate a random number, use one of the RandomNumberGenerator static methods instead.' (https://aka.ms/dotnet-warnings/SYSLIB0023) [c:\SR3H_MACRO\MacroApp.csproj]
c:\SR3H_MACRO\Views\MainWindow.xaml.cs(781,28): warning CS1998: This async method lacks 'await' operators and will run synchronously. Consider using the 'await' operator to await non-blocking API calls, or 'await Task.Run(...)' to do CPU-bound work on a background thread. [c:\SR3H_MACRO\MacroApp.csproj]
c:\SR3H_MACRO\Views\MainWindow.xaml.cs(792,28): warning CS1998: This async method lacks 'await' operators and will run synchronously. Consider using the 'await' operator to await non-blocking API calls, or 'await Task.Run(...)' to do CPU-bound work on a background thread. [c:\SR3H_MACRO\MacroApp.csproj]
c:\SR3H_MACRO\Views\MainWindow.xaml.cs(803,28): warning CS1998: This async method lacks 'await' operators and will run synchronously. Consider using the 'await' operator to await non-blocking API calls, or 'await Task.Run(...)' to do CPU-bound work on a background thread. [c:\SR3H_MACRO\MacroApp.csproj]
c:\SR3H_MACRO\Services\MacroFortActivationService.cs(230,17): warning CS0162: Unreachable code detected [c:\SR3H_MACRO\MacroApp.csproj]
c:\SR3H_MACRO\Views\LicenseWindow.xaml.cs(588,27): warning SYSLIB0023: 'RNGCryptoServiceProvider' is obsolete: 'RNGCryptoServiceProvider is obsolete. To generate a random number, use one of the RandomNumberGenerator static methods instead.' (https://aka.ms/dotnet-warnings/SYSLIB0023) [c:\SR3H_MACRO\MacroApp.csproj]
c:\SR3H_MACRO\Views\MainWindow.xaml.cs(814,28): warning CS1998: This async method lacks 'await' operators and will run synchronously. Consider using the 'await' operator to await non-blocking API calls, or 'await Task.Run(...)' to do CPU-bound work on a background thread. [c:\SR3H_MACRO\MacroApp.csproj]
c:\SR3H_MACRO\Views\MainWindow.xaml.cs(825,28): warning CS1998: This async method lacks 'await' operators and will run synchronously. Consider using the 'await' operator to await non-blocking API calls, or 'await Task.Run(...)' to do CPU-bound work on a background thread. [c:\SR3H_MACRO\MacroApp.csproj]
c:\SR3H_MACRO\Services\MacroExecutionService.cs(472,27): warning CS1998: This async method lacks 'await' operators and will run synchronously. Consider using the 'await' operator to await non-blocking API calls, or 'await Task.Run(...)' to do CPU-bound work on a background thread. [c:\SR3H_MACRO\MacroApp.csproj]
c:\SR3H_MACRO\Services\EnhancedMacroService.cs(624,33): warning CS1998: This async method lacks 'await' operators and will run synchronously. Consider using the 'await' operator to await non-blocking API calls, or 'await Task.Run(...)' to do CPU-bound work on a background thread. [c:\SR3H_MACRO\MacroApp.csproj]
c:\SR3H_MACRO\Services\MacroFortActivationService.cs(850,17): warning CS0162: Unreachable code detected [c:\SR3H_MACRO\MacroApp.csproj]
c:\SR3H_MACRO\Services\MacroFortActivationService.cs(898,17): warning CS0162: Unreachable code detected [c:\SR3H_MACRO\MacroApp.csproj]
c:\SR3H_MACRO\Services\MacroFortActivationService.cs(960,17): warning CS0162: Unreachable code detected [c:\SR3H_MACRO\MacroApp.csproj]
c:\SR3H_MACRO\Services\MacroFortActivationService.cs(1021,17): warning CS0162: Unreachable code detected [c:\SR3H_MACRO\MacroApp.csproj]
c:\SR3H_MACRO\Services\MacroFortActivationService.cs(1055,17): warning CS0162: Unreachable code detected [c:\SR3H_MACRO\MacroApp.csproj]
c:\SR3H_MACRO\Services\MacroFortActivationService.cs(1125,17): warning CS0162: Unreachable code detected [c:\SR3H_MACRO\MacroApp.csproj]
c:\SR3H_MACRO\Services\MacroFortActivationService.cs(1227,17): warning CS0162: Unreachable code detected [c:\SR3H_MACRO\MacroApp.csproj]
c:\SR3H_MACRO\Services\MacroFortActivationService.cs(1264,17): warning CS0162: Unreachable code detected [c:\SR3H_MACRO\MacroApp.csproj]
c:\SR3H_MACRO\Services\MacroFortActivationService.cs(1298,17): warning CS0162: Unreachable code detected [c:\SR3H_MACRO\MacroApp.csproj]
c:\SR3H_MACRO\Services\MacroFortActivationService.cs(1413,17): warning CS0162: Unreachable code detected [c:\SR3H_MACRO\MacroApp.csproj]
c:\SR3H_MACRO\Services\MacroFortActivationService.cs(1449,17): warning CS0162: Unreachable code detected [c:\SR3H_MACRO\MacroApp.csproj]
c:\SR3H_MACRO\Services\MacroFortActivationService.cs(1486,17): warning CS0162: Unreachable code detected [c:\SR3H_MACRO\MacroApp.csproj]
c:\SR3H_MACRO\Services\MacroFortActivationService.cs(1743,17): warning CS0162: Unreachable code detected [c:\SR3H_MACRO\MacroApp.csproj]
c:\SR3H_MACRO\Services\MacroFortActivationService.cs(1833,17): warning CS0162: Unreachable code detected [c:\SR3H_MACRO\MacroApp.csproj]
c:\SR3H_MACRO\Services\MacroFortActivationService.cs(1883,17): warning CS0162: Unreachable code detected [c:\SR3H_MACRO\MacroApp.csproj]
c:\SR3H_MACRO\Services\MacroFortActivationService.cs(1927,17): warning CS0162: Unreachable code detected [c:\SR3H_MACRO\MacroApp.csproj]
c:\SR3H_MACRO\App.xaml.cs(13,39): warning CS0169: The field 'App._authService' is never used [c:\SR3H_MACRO\MacroApp.csproj]
c:\SR3H_MACRO\Services\MacroFortActivationService.cs(40,27): warning CS0414: The field 'MacroFortActivationService._fortniteStoppedTime' is assigned but its value is never used [c:\SR3H_MACRO\MacroApp.csproj]
c:\SR3H_MACRO\Services\SafeHardwareIdService.cs(216,28): warning CA1416: This call site is reachable on all platforms. 'ManagementBaseObject.this[string]' is only supported on: 'windows'. (https://learn.microsoft.com/dotnet/fundamentals/code-analysis/quality-rules/ca1416) [c:\SR3H_MACRO\MacroApp.csproj]
c:\SR3H_MACRO\Services\SafeHardwareIdService.cs(213,31): warning CA1416: This call site is reachable on all platforms. 'ManagementObjectSearcher.Get()' is only supported on: 'windows'. (https://learn.microsoft.com/dotnet/fundamentals/code-analysis/quality-rules/ca1416) [c:\SR3H_MACRO\MacroApp.csproj]
c:\SR3H_MACRO\Services\SafeHardwareIdService.cs(234,31): warning CA1416: This call site is reachable on all platforms. 'ManagementObjectSearcher.Get()' is only supported on: 'windows'. (https://learn.microsoft.com/dotnet/fundamentals/code-analysis/quality-rules/ca1416) [c:\SR3H_MACRO\MacroApp.csproj]
c:\SR3H_MACRO\Services\SafeHardwareIdService.cs(212,32): warning CA1416: This call site is reachable on all platforms. 'ManagementObjectSearcher' is only supported on: 'windows'. (https://learn.microsoft.com/dotnet/fundamentals/code-analysis/quality-rules/ca1416) [c:\SR3H_MACRO\MacroApp.csproj]
c:\SR3H_MACRO\Services\SafeHardwareIdService.cs(233,32): warning CA1416: This call site is reachable on all platforms. 'ManagementObjectSearcher' is only supported on: 'windows'. (https://learn.microsoft.com/dotnet/fundamentals/code-analysis/quality-rules/ca1416) [c:\SR3H_MACRO\MacroApp.csproj]
c:\SR3H_MACRO\Services\SafeHardwareIdService.cs(237,34): warning CA1416: This call site is reachable on all platforms. 'ManagementBaseObject.this[string]' is only supported on: 'windows'. (https://learn.microsoft.com/dotnet/fundamentals/code-analysis/quality-rules/ca1416) [c:\SR3H_MACRO\MacroApp.csproj]
c:\SR3H_MACRO\Services\SafeHardwareIdService.cs(290,29): warning CA1416: This call site is reachable on all platforms. 'ManagementObject' is only supported on: 'windows'. (https://learn.microsoft.com/dotnet/fundamentals/code-analysis/quality-rules/ca1416) [c:\SR3H_MACRO\MacroApp.csproj]
c:\SR3H_MACRO\Services\SafeHardwareIdService.cs(294,34): warning CA1416: This call site is reachable on all platforms. 'ManagementBaseObject.this[string]' is only supported on: 'windows'. (https://learn.microsoft.com/dotnet/fundamentals/code-analysis/quality-rules/ca1416) [c:\SR3H_MACRO\MacroApp.csproj]
c:\SR3H_MACRO\Services\SafeHardwareIdService.cs(294,34): warning CA1416: This call site is reachable on all platforms. 'ManagementObject' is only supported on: 'windows'. (https://learn.microsoft.com/dotnet/fundamentals/code-analysis/quality-rules/ca1416) [c:\SR3H_MACRO\MacroApp.csproj]
c:\SR3H_MACRO\Services\SafeHardwareIdService.cs(290,29): warning CA1416: This call site is reachable on all platforms. 'ManagementObject' is only supported on: 'windows'. (https://learn.microsoft.com/dotnet/fundamentals/code-analysis/quality-rules/ca1416) [c:\SR3H_MACRO\MacroApp.csproj]
c:\SR3H_MACRO\Services\SafeHardwareIdService.cs(288,32): warning CA1416: This call site is reachable on all platforms. 'ManagementObjectSearcher' is only supported on: 'windows'. (https://learn.microsoft.com/dotnet/fundamentals/code-analysis/quality-rules/ca1416) [c:\SR3H_MACRO\MacroApp.csproj]
c:\SR3H_MACRO\Services\SafeHardwareIdService.cs(289,31): warning CA1416: This call site is reachable on all platforms. 'ManagementObjectSearcher.Get()' is only supported on: 'windows'. (https://learn.microsoft.com/dotnet/fundamentals/code-analysis/quality-rules/ca1416) [c:\SR3H_MACRO\MacroApp.csproj]
c:\SR3H_MACRO\Services\SafeHardwareIdService.cs(292,21): warning CA1416: This call site is reachable on all platforms. 'ManagementObject' is only supported on: 'windows'. (https://learn.microsoft.com/dotnet/fundamentals/code-analysis/quality-rules/ca1416) [c:\SR3H_MACRO\MacroApp.csproj]
c:\SR3H_MACRO\Services\SafeHardwareIdService.cs(316,31): warning CA1416: This call site is reachable on all platforms. 'ManagementObjectSearcher.Get()' is only supported on: 'windows'. (https://learn.microsoft.com/dotnet/fundamentals/code-analysis/quality-rules/ca1416) [c:\SR3H_MACRO\MacroApp.csproj]
c:\SR3H_MACRO\Services\SafeHardwareIdService.cs(315,32): warning CA1416: This call site is reachable on all platforms. 'ManagementObjectSearcher' is only supported on: 'windows'. (https://learn.microsoft.com/dotnet/fundamentals/code-analysis/quality-rules/ca1416) [c:\SR3H_MACRO\MacroApp.csproj]
c:\SR3H_MACRO\Services\SafeHardwareIdService.cs(319,28): warning CA1416: This call site is reachable on all platforms. 'ManagementBaseObject.this[string]' is only supported on: 'windows'. (https://learn.microsoft.com/dotnet/fundamentals/code-analysis/quality-rules/ca1416) [c:\SR3H_MACRO\MacroApp.csproj]
c:\SR3H_MACRO\Services\SafeHardwareIdService.cs(340,21): warning CA1416: This call site is reachable on all platforms. 'ManagementObject' is only supported on: 'windows'. (https://learn.microsoft.com/dotnet/fundamentals/code-analysis/quality-rules/ca1416) [c:\SR3H_MACRO\MacroApp.csproj]
c:\SR3H_MACRO\Services\SafeHardwareIdService.cs(338,34): warning CA1416: This call site is reachable on all platforms. 'ManagementObject' is only supported on: 'windows'. (https://learn.microsoft.com/dotnet/fundamentals/code-analysis/quality-rules/ca1416) [c:\SR3H_MACRO\MacroApp.csproj]
c:\SR3H_MACRO\Services\SafeHardwareIdService.cs(337,31): warning CA1416: This call site is reachable on all platforms. 'ManagementObjectSearcher.Get()' is only supported on: 'windows'. (https://learn.microsoft.com/dotnet/fundamentals/code-analysis/quality-rules/ca1416) [c:\SR3H_MACRO\MacroApp.csproj]
c:\SR3H_MACRO\Services\SafeHardwareIdService.cs(336,32): warning CA1416: This call site is reachable on all platforms. 'ManagementObjectSearcher' is only supported on: 'windows'. (https://learn.microsoft.com/dotnet/fundamentals/code-analysis/quality-rules/ca1416) [c:\SR3H_MACRO\MacroApp.csproj]
c:\SR3H_MACRO\Services\SafeHardwareIdService.cs(338,34): warning CA1416: This call site is reachable on all platforms. 'ManagementObject' is only supported on: 'windows'. (https://learn.microsoft.com/dotnet/fundamentals/code-analysis/quality-rules/ca1416) [c:\SR3H_MACRO\MacroApp.csproj]
c:\SR3H_MACRO\Services\SafeHardwareIdService.cs(342,28): warning CA1416: This call site is reachable on all platforms. 'ManagementBaseObject.this[string]' is only supported on: 'windows'. (https://learn.microsoft.com/dotnet/fundamentals/code-analysis/quality-rules/ca1416) [c:\SR3H_MACRO\MacroApp.csproj]
c:\SR3H_MACRO\Services\SafeHardwareIdService.cs(342,28): warning CA1416: This call site is reachable on all platforms. 'ManagementObject' is only supported on: 'windows'. (https://learn.microsoft.com/dotnet/fundamentals/code-analysis/quality-rules/ca1416) [c:\SR3H_MACRO\MacroApp.csproj]
c:\SR3H_MACRO\Services\SafeHardwareIdService.cs(377,34): warning CA1416: This call site is reachable on all platforms. 'Registry.LocalMachine' is only supported on: 'windows'. (https://learn.microsoft.com/dotnet/fundamentals/code-analysis/quality-rules/ca1416) [c:\SR3H_MACRO\MacroApp.csproj]
c:\SR3H_MACRO\Services\SafeHardwareIdService.cs(377,34): warning CA1416: This call site is reachable on all platforms. 'RegistryKey.OpenSubKey(string)' is only supported on: 'windows'. (https://learn.microsoft.com/dotnet/fundamentals/code-analysis/quality-rules/ca1416) [c:\SR3H_MACRO\MacroApp.csproj]
c:\SR3H_MACRO\Services\SafeHardwareIdService.cs(379,32): warning CA1416: This call site is reachable on all platforms. 'RegistryKey.GetValue(string?)' is only supported on: 'windows'. (https://learn.microsoft.com/dotnet/fundamentals/code-analysis/quality-rules/ca1416) [c:\SR3H_MACRO\MacroApp.csproj]
c:\SR3H_MACRO\Services\SafeHardwareIdService.cs(359,34): warning CA1416: This call site is reachable on all platforms. 'Registry.LocalMachine' is only supported on: 'windows'. (https://learn.microsoft.com/dotnet/fundamentals/code-analysis/quality-rules/ca1416) [c:\SR3H_MACRO\MacroApp.csproj]
c:\SR3H_MACRO\Services\SafeHardwareIdService.cs(359,34): warning CA1416: This call site is reachable on all platforms. 'RegistryKey.OpenSubKey(string)' is only supported on: 'windows'. (https://learn.microsoft.com/dotnet/fundamentals/code-analysis/quality-rules/ca1416) [c:\SR3H_MACRO\MacroApp.csproj]
c:\SR3H_MACRO\Services\SafeHardwareIdService.cs(361,32): warning CA1416: This call site is reachable on all platforms. 'RegistryKey.GetValue(string?)' is only supported on: 'windows'. (https://learn.microsoft.com/dotnet/fundamentals/code-analysis/quality-rules/ca1416) [c:\SR3H_MACRO\MacroApp.csproj]
c:\SR3H_MACRO\App.xaml.cs(344,38): warning CA1416: This call site is reachable on all platforms. 'SystemIcons.Application' is only supported on: 'windows' 6.1 and later. (https://learn.microsoft.com/dotnet/fundamentals/code-analysis/quality-rules/ca1416) [c:\SR3H_MACRO\MacroApp.csproj]
c:\SR3H_MACRO\App.xaml.cs(340,38): warning CA1416: This call site is reachable on all platforms. 'Icon' is only supported on: 'windows' 6.1 and later. (https://learn.microsoft.com/dotnet/fundamentals/code-analysis/quality-rules/ca1416) [c:\SR3H_MACRO\MacroApp.csproj]
c:\SR3H_MACRO\Services\AuthenticationService.cs(306,82): warning CA1416: This call site is reachable on all platforms. 'DataProtectionScope.CurrentUser' is only supported on: 'windows'. (https://learn.microsoft.com/dotnet/fundamentals/code-analysis/quality-rules/ca1416) [c:\SR3H_MACRO\MacroApp.csproj]
c:\SR3H_MACRO\Services\AuthenticationService.cs(306,37): warning CA1416: This call site is reachable on all platforms. 'ProtectedData.Unprotect(byte[], byte[]?, DataProtectionScope)' is only supported on: 'windows'. (https://learn.microsoft.com/dotnet/fundamentals/code-analysis/quality-rules/ca1416) [c:\SR3H_MACRO\MacroApp.csproj]
c:\SR3H_MACRO\Services\AuthenticationService.cs(325,71): warning CA1416: This call site is reachable on all platforms. 'DataProtectionScope.CurrentUser' is only supported on: 'windows'. (https://learn.microsoft.com/dotnet/fundamentals/code-analysis/quality-rules/ca1416) [c:\SR3H_MACRO\MacroApp.csproj]
c:\SR3H_MACRO\Services\AuthenticationService.cs(325,37): warning CA1416: This call site is reachable on all platforms. 'ProtectedData.Protect(byte[], byte[]?, DataProtectionScope)' is only supported on: 'windows'. (https://learn.microsoft.com/dotnet/fundamentals/code-analysis/quality-rules/ca1416) [c:\SR3H_MACRO\MacroApp.csproj]
c:\SR3H_MACRO\Views\LicenseSettingsWindow.xaml.cs(114,70): error CS0103: The name 'MacroFortActivationType' does not exist in the current context [c:\SR3H_MACRO\MacroApp.csproj]
c:\SR3H_MACRO\Services\MacroFortActivationService.cs(58,20): error CS0103: The name 'SafeHardwareIdService' does not exist in the current context [c:\SR3H_MACRO\MacroApp.csproj]
c:\SR3H_MACRO\Services\MacroFortActivationService.cs(63,20): error CS0103: The name 'SafeHardwareIdService' does not exist in the current context [c:\SR3H_MACRO\MacroApp.csproj]
c:\SR3H_MACRO\Services\MacroFortActivationService.cs(78,37): error CS0103: The name 'SafeHardwareIdService' does not exist in the current context [c:\SR3H_MACRO\MacroApp.csproj]
c:\SR3H_MACRO\Services\MacroFortActivationService.cs(124,25): error CS0103: The name 'SessionActivationCache' does not exist in the current context [c:\SR3H_MACRO\MacroApp.csproj]
c:\SR3H_MACRO\Services\MacroFortActivationService.cs(125,25): error CS0103: The name 'SessionActivationCache' does not exist in the current context [c:\SR3H_MACRO\MacroApp.csproj]
c:\SR3H_MACRO\Services\MacroFortActivationService.cs(135,25): error CS0103: The name 'SessionActivationCache' does not exist in the current context [c:\SR3H_MACRO\MacroApp.csproj]
c:\SR3H_MACRO\Services\MacroFortActivationService.cs(149,21): error CS0103: The name 'SessionActivationCache' does not exist in the current context [c:\SR3H_MACRO\MacroApp.csproj]
c:\SR3H_MACRO\Services\MacroFortActivationService.cs(162,17): error CS0103: The name 'SessionActivationCache' does not exist in the current context [c:\SR3H_MACRO\MacroApp.csproj]
c:\SR3H_MACRO\Services\MacroFortActivationService.cs(861,64): error CS0023: Operator '.' cannot be applied to operand of type '<null>' [c:\SR3H_MACRO\MacroApp.csproj]
c:\SR3H_MACRO\Services\MacroFortActivationService.cs(862,81): error CS0023: Operator '.' cannot be applied to operand of type '<null>' [c:\SR3H_MACRO\MacroApp.csproj]
c:\SR3H_MACRO\Services\MacroFortActivationService.cs(869,34): error CS0023: Operator '.' cannot be applied to operand of type '<null>' [c:\SR3H_MACRO\MacroApp.csproj]
c:\SR3H_MACRO\Services\MacroFortActivationService.cs(920,64): error CS0023: Operator '.' cannot be applied to operand of type '<null>' [c:\SR3H_MACRO\MacroApp.csproj]
c:\SR3H_MACRO\Services\MacroFortActivationService.cs(921,81): error CS0023: Operator '.' cannot be applied to operand of type '<null>' [c:\SR3H_MACRO\MacroApp.csproj]
c:\SR3H_MACRO\Services\MacroFortActivationService.cs(927,34): error CS0023: Operator '.' cannot be applied to operand of type '<null>' [c:\SR3H_MACRO\MacroApp.csproj]
c:\SR3H_MACRO\Services\MacroFortActivationService.cs(964,64): error CS0023: Operator '.' cannot be applied to operand of type '<null>' [c:\SR3H_MACRO\MacroApp.csproj]
c:\SR3H_MACRO\Services\MacroFortActivationService.cs(965,81): error CS0023: Operator '.' cannot be applied to operand of type '<null>' [c:\SR3H_MACRO\MacroApp.csproj]
c:\SR3H_MACRO\Services\MacroFortActivationService.cs(988,34): error CS0023: Operator '.' cannot be applied to operand of type '<null>' [c:\SR3H_MACRO\MacroApp.csproj]
c:\SR3H_MACRO\Services\MacroFortActivationService.cs(1029,64): error CS0023: Operator '.' cannot be applied to operand of type '<null>' [c:\SR3H_MACRO\MacroApp.csproj]
c:\SR3H_MACRO\Services\MacroFortActivationService.cs(1030,81): error CS0023: Operator '.' cannot be applied to operand of type '<null>' [c:\SR3H_MACRO\MacroApp.csproj]
c:\SR3H_MACRO\Services\MacroFortActivationService.cs(1035,34): error CS0023: Operator '.' cannot be applied to operand of type '<null>' [c:\SR3H_MACRO\MacroApp.csproj]
c:\SR3H_MACRO\Services\MacroFortActivationService.cs(1057,64): error CS0023: Operator '.' cannot be applied to operand of type '<null>' [c:\SR3H_MACRO\MacroApp.csproj]
c:\SR3H_MACRO\Services\MacroFortActivationService.cs(1058,81): error CS0023: Operator '.' cannot be applied to operand of type '<null>' [c:\SR3H_MACRO\MacroApp.csproj]
c:\SR3H_MACRO\Services\MacroFortActivationService.cs(1066,39): error CS0023: Operator '.' cannot be applied to operand of type '<null>' [c:\SR3H_MACRO\MacroApp.csproj]
c:\SR3H_MACRO\Services\MacroFortActivationService.cs(1130,30): error CS0023: Operator '.' cannot be applied to operand of type '<null>' [c:\SR3H_MACRO\MacroApp.csproj]
c:\SR3H_MACRO\Services\MacroFortActivationService.cs(1180,65): error CS0023: Operator '.' cannot be applied to operand of type '<null>' [c:\SR3H_MACRO\MacroApp.csproj]
c:\SR3H_MACRO\Services\MacroFortActivationService.cs(1181,82): error CS0023: Operator '.' cannot be applied to operand of type '<null>' [c:\SR3H_MACRO\MacroApp.csproj]
c:\SR3H_MACRO\Services\MacroFortActivationService.cs(1229,64): error CS0023: Operator '.' cannot be applied to operand of type '<null>' [c:\SR3H_MACRO\MacroApp.csproj]
c:\SR3H_MACRO\Services\MacroFortActivationService.cs(1230,81): error CS0023: Operator '.' cannot be applied to operand of type '<null>' [c:\SR3H_MACRO\MacroApp.csproj]
c:\SR3H_MACRO\Services\MacroFortActivationService.cs(1244,34): error CS0023: Operator '.' cannot be applied to operand of type '<null>' [c:\SR3H_MACRO\MacroApp.csproj]
c:\SR3H_MACRO\Services\MacroFortActivationService.cs(1266,64): error CS0023: Operator '.' cannot be applied to operand of type '<null>' [c:\SR3H_MACRO\MacroApp.csproj]
c:\SR3H_MACRO\Services\MacroFortActivationService.cs(1267,81): error CS0023: Operator '.' cannot be applied to operand of type '<null>' [c:\SR3H_MACRO\MacroApp.csproj]
c:\SR3H_MACRO\Services\MacroFortActivationService.cs(1278,34): error CS0023: Operator '.' cannot be applied to operand of type '<null>' [c:\SR3H_MACRO\MacroApp.csproj]
c:\SR3H_MACRO\Services\MacroFortActivationService.cs(1300,64): error CS0023: Operator '.' cannot be applied to operand of type '<null>' [c:\SR3H_MACRO\MacroApp.csproj]
c:\SR3H_MACRO\Services\MacroFortActivationService.cs(1301,81): error CS0023: Operator '.' cannot be applied to operand of type '<null>' [c:\SR3H_MACRO\MacroApp.csproj]
c:\SR3H_MACRO\Services\MacroFortActivationService.cs(1309,34): error CS0023: Operator '.' cannot be applied to operand of type '<null>' [c:\SR3H_MACRO\MacroApp.csproj]
c:\SR3H_MACRO\Services\MacroFortActivationService.cs(1424,64): error CS0023: Operator '.' cannot be applied to operand of type '<null>' [c:\SR3H_MACRO\MacroApp.csproj]
c:\SR3H_MACRO\Services\MacroFortActivationService.cs(1425,81): error CS0023: Operator '.' cannot be applied to operand of type '<null>' [c:\SR3H_MACRO\MacroApp.csproj]
c:\SR3H_MACRO\Services\MacroFortActivationService.cs(1430,34): error CS0023: Operator '.' cannot be applied to operand of type '<null>' [c:\SR3H_MACRO\MacroApp.csproj]
c:\SR3H_MACRO\Services\MacroFortActivationService.cs(1460,64): error CS0023: Operator '.' cannot be applied to operand of type '<null>' [c:\SR3H_MACRO\MacroApp.csproj]
c:\SR3H_MACRO\Services\MacroFortActivationService.cs(1461,81): error CS0023: Operator '.' cannot be applied to operand of type '<null>' [c:\SR3H_MACRO\MacroApp.csproj]
c:\SR3H_MACRO\Services\MacroFortActivationService.cs(1467,34): error CS0023: Operator '.' cannot be applied to operand of type '<null>' [c:\SR3H_MACRO\MacroApp.csproj]
c:\SR3H_MACRO\Services\MacroFortActivationService.cs(1501,34): error CS0023: Operator '.' cannot be applied to operand of type '<null>' [c:\SR3H_MACRO\MacroApp.csproj]
c:\SR3H_MACRO\Services\MacroFortActivationService.cs(1745,64): error CS0023: Operator '.' cannot be applied to operand of type '<null>' [c:\SR3H_MACRO\MacroApp.csproj]
c:\SR3H_MACRO\Services\MacroFortActivationService.cs(1746,81): error CS0023: Operator '.' cannot be applied to operand of type '<null>' [c:\SR3H_MACRO\MacroApp.csproj]
c:\SR3H_MACRO\Services\MacroFortActivationService.cs(1749,34): error CS0023: Operator '.' cannot be applied to operand of type '<null>' [c:\SR3H_MACRO\MacroApp.csproj]
c:\SR3H_MACRO\Services\MacroFortActivationService.cs(1835,64): error CS0023: Operator '.' cannot be applied to operand of type '<null>' [c:\SR3H_MACRO\MacroApp.csproj]
c:\SR3H_MACRO\Services\MacroFortActivationService.cs(1836,81): error CS0023: Operator '.' cannot be applied to operand of type '<null>' [c:\SR3H_MACRO\MacroApp.csproj]
c:\SR3H_MACRO\Services\MacroFortActivationService.cs(1839,34): error CS0023: Operator '.' cannot be applied to operand of type '<null>' [c:\SR3H_MACRO\MacroApp.csproj]
c:\SR3H_MACRO\Services\MacroFortActivationService.cs(1896,64): error CS0023: Operator '.' cannot be applied to operand of type '<null>' [c:\SR3H_MACRO\MacroApp.csproj]
c:\SR3H_MACRO\Services\MacroFortActivationService.cs(1897,81): error CS0023: Operator '.' cannot be applied to operand of type '<null>' [c:\SR3H_MACRO\MacroApp.csproj]
c:\SR3H_MACRO\Services\MacroFortActivationService.cs(1901,34): error CS0023: Operator '.' cannot be applied to operand of type '<null>' [c:\SR3H_MACRO\MacroApp.csproj]
c:\SR3H_MACRO\Services\MacroFortActivationService.cs(1944,64): error CS0023: Operator '.' cannot be applied to operand of type '<null>' [c:\SR3H_MACRO\MacroApp.csproj]
c:\SR3H_MACRO\Services\MacroFortActivationService.cs(1945,81): error CS0023: Operator '.' cannot be applied to operand of type '<null>' [c:\SR3H_MACRO\MacroApp.csproj]
c:\SR3H_MACRO\Services\MacroFortActivationService.cs(1951,34): error CS0023: Operator '.' cannot be applied to operand of type '<null>' [c:\SR3H_MACRO\MacroApp.csproj]
    68 Warning(s)
    55 Error(s)

Time Elapsed 00:00:01.27

Workload updates are available. Run `dotnet workload list` for more information.
